Fetching https://github.com/gewill/SwiftyOpenCC from cache
Fetched https://github.com/gewill/SwiftyOpenCC from cache (1.32s)
Fetching https://github.com/sunshinejr/SwiftyUserDefaults from cache
Fetched https://github.com/sunshinejr/SwiftyUserDefaults from cache (1.55s)
Creating working copy for https://github.com/gewill/SwiftyOpenCC
Working copy of https://github.com/gewill/SwiftyOpenCC resolved at 6eded293f5c84c064f332cbc2832391165c82dda
Creating working copy for https://github.com/sunshinejr/SwiftyUserDefaults
Working copy of https://github.com/sunshinejr/SwiftyUserDefaults resolved at f66bcd04088582c8fbb5cb8554d577e303bae396
Building for production...
[Planning deferred tasks]
[41 / 99]
[56 / 101] SwiftyUserDefaults
[61 / 101] copencc
[65 / 101] copencc
[66 / 101] copencc
[70 / 138] copencc
[81 / 138]
[88 / 138] copencc
[90 / 138]
[93 / 138]
[97 / 138] copencc
[101 / 138] SwiftyUserDefaults
[103 / 138] copencc
[106 / 138]
[108 / 138]
[110 / 138]
[115 / 138]
[116 / 138]
[117 / 138]
[118 / 138]
[120 / 138] OpenCC
[125 / 138] copencc
[127 / 138] SwiftyUserDefaults
[134 / 139] CoreChecks-product
[153 / 172]
[159 / 172]
[163 / 172]
[166 / 172]
[168 / 172] CoreChecks-product
[170 / 172] CoreChecks-product
[171 / 172] CoreChecks-product
Build complete! (8.90 sec)
PASS: 7 option combinations × 11 fixtures; fixed NUL contracts, phrase boundaries, whitespace, Unicode and converter reuse
PASS: model release, repeated taps, single publication, cancellation/replacement, empty input and quota guard
PASS: presets, UTF-8/BOM/Unicode/NUL files, size limit, invalid input, cancellation and import replacement
PASS: real NSURL/NSString providers and cancellation without a provider callback
