Fetching https://github.com/gewill/SwiftyOpenCC from cache
Fetched https://github.com/gewill/SwiftyOpenCC from cache (1.38s)
Fetching https://github.com/sunshinejr/SwiftyUserDefaults from cache
Fetched https://github.com/sunshinejr/SwiftyUserDefaults from cache (1.21s)
Creating working copy for https://github.com/sunshinejr/SwiftyUserDefaults
Working copy of https://github.com/sunshinejr/SwiftyUserDefaults resolved at f66bcd04088582c8fbb5cb8554d577e303bae396
Creating working copy for https://github.com/gewill/SwiftyOpenCC
Working copy of https://github.com/gewill/SwiftyOpenCC resolved at 6eded293f5c84c064f332cbc2832391165c82dda
Building for production...
[Planning deferred tasks]
[41 / 99]
[56 / 101] SwiftyUserDefaults
[57 / 101] OpenCC
[60 / 101] copencc
[64 / 101] copencc
[66 / 101] copencc
[69 / 101] copencc
[71 / 101] copencc
[78 / 138]
[80 / 138]
[84 / 138]
[88 / 138] copencc
[92 / 138] copencc
[96 / 138] copencc
[101 / 138]
[103 / 138] copencc
[107 / 138]
[110 / 138]
[115 / 138]
[116 / 138]
[117 / 138]
[118 / 138]
[120 / 138] copencc
[121 / 138] OpenCC
[127 / 138] SwiftyUserDefaults
[134 / 139] CoreChecks-product
[153 / 172]
[159 / 172]
[163 / 172]
[166 / 172]
[168 / 172] CoreChecks-product
[170 / 172] CoreChecks-product
[171 / 172] CoreChecks-product
Build complete! (9.97 sec)
{"alive":0,"batch":1,"created":10,"event":"standalone-model-lifetime","os":"Version 27.0 (Build 26A428)"}
{"alive":0,"batch":2,"created":20,"event":"standalone-model-lifetime","os":"Version 27.0 (Build 26A428)"}
{"alive":0,"batch":3,"created":30,"event":"standalone-model-lifetime","os":"Version 27.0 (Build 26A428)"}
PASS: 30 real HomeViewModel instances released without any UI host; quota unchanged
